// Jest Snapshot v1, https://goo.gl/fbAQLP

exports[`App Component should render without crashing 1`] = `
<Text
  testID="MainNavigator"
>
  Main Navigator
</Text>
`;
